
> react-kavia@0.1.0 start
> cross-env EDIT_MODE=true webpack serve --config .ve/webpack.config.js --mode development

<i> [webpack-dev-server] Project is running at:
<i> [webpack-dev-server] Loopback: http://localhost:3000/, http://[::1]:3000/
<i> [webpack-dev-server] On Your Network (IPv4): http://172.17.0.2:3000/
<i> [webpack-dev-server] Content not from webpack is served from './public' directory
Injecting EditorRootWrapper import: ../.ve/EditorRootWrapper
asset bundle.js 1.76 MiB [emitted] (name: main)
asset index.html 1.92 KiB [emitted]
runtime modules 28.7 KiB 15 modules
modules by path ./node_modules/ 1.54 MiB 34 modules
modules by path ./src/ 35.1 KiB
  modules by path ./src/components/*.js 23.7 KiB 5 modules
  modules by path ./src/*.css 10.1 KiB 4 modules
  modules by path ./src/*.js 1.34 KiB
    ./src/index.js 530 bytes [built] [code generated]
    ./src/App.js 845 bytes [built] [code generated]
modules by path ./.ve/ 15.1 KiB
  modules by path ./.ve/*.js 10.6 KiB 2 modules
  modules by path ./.ve/*.css 2.93 KiB
    ./.ve/EditorOverlay.css 2.25 KiB [built] [code generated]
    ./node_modules/css-loader/dist/cjs.js!./.ve/EditorOverlay.css 697 bytes [built] [code generated]
  ./.ve/EditorOverlay.jsx 1.58 KiB [built] [code generated]
webpack 5.99.9 compiled successfully in 1811 ms
assets by status 1.92 KiB [cached] 1 asset
assets by path *.js 1.87 MiB
  asset bundle.js 1.81 MiB [emitted] (name: main)
  asset main.f7ad1e522fe7dd3cc925.hot-update.js 61 KiB [emitted] [immutable] [hmr] (name: main)
asset main.f7ad1e522fe7dd3cc925.hot-update.json 28 bytes [emitted] [immutable] [hmr]
Entrypoint main 1.87 MiB = bundle.js 1.81 MiB main.f7ad1e522fe7dd3cc925.hot-update.js 61 KiB
cached modules 1.58 MiB [cached] 49 modules
runtime modules 28.7 KiB 15 modules
javascript modules 49.2 KiB
  modules by path ./node_modules/prop-types/ 34 KiB
    modules by path ./node_modules/prop-types/*.js 26.7 KiB 3 modules
    modules by path ./node_modules/prop-types/node_modules/react-is/ 7.01 KiB
      ./node_modules/prop-types/node_modules/react-is/index.js 196 bytes [built] [code generated]
      ./node_modules/prop-types/node_modules/react-is/cjs/react-is.development.js 6.82 KiB [built] [code generated]
    modules by path ./node_modules/prop-types/lib/*.js 384 bytes
      ./node_modules/prop-types/lib/ReactPropTypesSecret.js 314 bytes [built] [code generated]
      ./node_modules/prop-types/lib/has.js 70 bytes [built] [code generated]
  modules by path ./src/components/*.js 13.1 KiB
    ./src/components/Router.js 4.5 KiB [built] [code generated]
    ./src/components/ContractUpload.js 8.57 KiB [built] [code generated]
  ./node_modules/object-assign/index.js 2.06 KiB [built] [code generated]
webpack 5.99.9 compiled successfully in 260 ms
